// Jest Snapshot v1, https://goo.gl/fbAQLP

exports[`CardModal should render successfully 1`] = `
<DocumentFragment>
  <div
    class="z-50 min-h-full min-w-full flex fixed top-0 left-0 justify-center items-center bg-black bg-opacity-30"
    id="cardModal"
  >
    <div
      class="flex flex-col bg-trello-gray-400 w-218 rounded-sm max-h-full p-4 mb-80"
    >
      <div
        class="flex"
      >
        <div
          class="flex flex-col w-full"
        >
          <div
            class="flex gap-1 items-center"
          >
            <svg
              fill="currentColor"
              height="25"
              stroke="currentColor"
              stroke-width="0"
              viewBox="0 0 24 24"
              width="25"
              xmlns="http://www.w3.org/2000/svg"
            >
              <path
                d="M0 0h24v24H0V0z"
                fill="none"
              />
              <path
                d="M19 3H4.99c-1.11 0-1.98.89-1.98 2L3 19c0 1.1.88 2 1.99 2H19c1.1 0 2-.9 2-2V5a2 2 0 00-2-2zm0 12h-4c0 1.66-1.35 3-3 3s-3-1.34-3-3H4.99V5H19v10z"
              />
            </svg>
            <h3
              class="text-xl font-semibold text-gray-800 break-all"
            >
              Card 1
            </h3>
          </div>
          <p
            class="text-sm text-gray-700"
          >
            in list List 1
          </p>
        </div>
        <button
          class="text-gray-400 bg-transparent hover:bg-black hover:bg-opacity-10 hover:text-gray-600 rounded-lg text-sm p-2 ml-auto inline-flex items-center dark:hover:bg-gray-600 dark:hover:text-white"
          type="button"
        >
          <svg
            data-testid="card-modal-close-icon"
            fill="currentColor"
            height="20"
            stroke="currentColor"
            stroke-width="0"
            viewBox="0 0 24 24"
            width="20"
            xmlns="http://www.w3.org/2000/svg"
          >
            <path
              d="M0 0h24v24H0z"
              fill="none"
            />
            <path
              d="M19 6.41L17.59 5 12 10.59 6.41 5 5 6.41 10.59 12 5 17.59 6.41 19 12 13.41 17.59 19 19 17.59 13.41 12z"
            />
          </svg>
        </button>
      </div>
      <div
        class="flex w-full h-full"
      >
        <div
          class="flex flex-col w-2/3 py-4"
        >
          <div
            class="flex flex-col text-sm text-gray-700"
          >
            <p
              class="mb-2"
            >
              Tags
            </p>
            <div
              class="flex gap-1 flex-wrap mb-4"
            >
              <button
                class="p-1 rounded-ibsm flex items-center cursor-pointer bg-black bg-opacity-5 hover:bg-opacity-10"
              >
                <svg
                  class="mr-0.5 text-trello-gray-200"
                  fill="none"
                  height="25"
                  stroke="currentColor"
                  stroke-linecap="round"
                  stroke-linejoin="round"
                  stroke-width="2"
                  viewBox="0 0 24 24"
                  width="25"
                  xmlns="http://www.w3.org/2000/svg"
                >
                  <line
                    x1="12"
                    x2="12"
                    y1="5"
                    y2="19"
                  />
                  <line
                    x1="5"
                    x2="19"
                    y1="12"
                    y2="12"
                  />
                </svg>
              </button>
            </div>
          </div>
          <div
            class="flex items-center gap-2 text-lg mb-2 text-gray-800 font-semibold"
          >
            <svg
              fill="none"
              height="20"
              stroke="currentColor"
              stroke-linecap="round"
              stroke-linejoin="round"
              stroke-width="2"
              viewBox="0 0 24 24"
              width="20"
              xmlns="http://www.w3.org/2000/svg"
            >
              <line
                x1="17"
                x2="3"
                y1="10"
                y2="10"
              />
              <line
                x1="21"
                x2="3"
                y1="6"
                y2="6"
              />
              <line
                x1="21"
                x2="3"
                y1="14"
                y2="14"
              />
              <line
                x1="17"
                x2="3"
                y1="18"
                y2="18"
              />
            </svg>
            <p>
              Description
            </p>
          </div>
          <textarea
            class="text-gray-600 p-2 bg-black bg-opacity-5 rounded-ibsm h-44"
            placeholder="Add some more detail here..."
          >
            Description 1
          </textarea>
        </div>
        <div
          class="flex flex-col w-44 py-4 ml-auto"
        >
          <h4
            class="text-gray-800 text-sm"
          >
            Add to card
          </h4>
          <div
            class="flex-col flex"
          >
            <button
              class="flex gap-2 py-1 px-2 mb-2 bg-trello-gray-card-modal-buttons hover:bg-trello-gray-card-modal-buttons-hover text-trello-blue-card-modal-button-text items-center text-base shadow-sm rounded-sm"
              data-testid="card-modal-actions-tags-button"
            >
              <svg
                fill="currentColor"
                height="1em"
                stroke="currentColor"
                stroke-width="0"
                viewBox="0 0 1024 1024"
                width="1em"
                xmlns="http://www.w3.org/2000/svg"
              >
                <path
                  d="M938 458.8l-29.6-312.6c-1.5-16.2-14.4-29-30.6-30.6L565.2 86h-.4c-3.2 0-5.7 1-7.6 2.9L88.9 557.2a9.96 9.96 0 0 0 0 14.1l363.8 363.8c1.9 1.9 4.4 2.9 7.1 2.9s5.2-1 7.1-2.9l468.3-468.3c2-2.1 3-5 2.8-8zM459.7 834.7L189.3 564.3 589 164.6 836 188l23.4 247-399.7 399.7zM680 256c-48.5 0-88 39.5-88 88s39.5 88 88 88 88-39.5 88-88-39.5-88-88-88zm0 120c-17.7 0-32-14.3-32-32s14.3-32 32-32 32 14.3 32 32-14.3 32-32 32z"
                />
              </svg>
              <p>
                Tags
              </p>
            </button>
          </div>
          <h4
            class="text-gray-800 text-sm"
          >
            Actions
          </h4>
          <div
            class="flex-col flex"
          >
            <button
              class="flex gap-2 py-1 px-2 mb-2 bg-trello-gray-card-modal-buttons hover:bg-trello-gray-card-modal-buttons-hover text-trello-blue-card-modal-button-text items-center text-base shadow-sm rounded-sm"
              data-testid="card-modal-actions-copy-button"
            >
              <svg
                fill="currentColor"
                height="1em"
                stroke="currentColor"
                stroke-width="0"
                viewBox="0 0 24 24"
                width="1em"
                xmlns="http://www.w3.org/2000/svg"
              >
                <path
                  d="M0 0h24v24H0V0z"
                  fill="none"
                />
                <path
                  d="M16 1H4c-1.1 0-2 .9-2 2v14h2V3h12V1zm3 4H8c-1.1 0-2 .9-2 2v14c0 1.1.9 2 2 2h11c1.1 0 2-.9 2-2V7c0-1.1-.9-2-2-2zm0 16H8V7h11v14z"
                />
              </svg>
              <p>
                Copy
              </p>
            </button>
          </div>
          <div
            class="flex-col flex"
          >
            <button
              class="flex gap-2 py-1 px-2 mb-2 bg-trello-gray-card-modal-buttons hover:bg-trello-gray-card-modal-buttons-hover text-trello-blue-card-modal-button-text items-center text-base shadow-sm rounded-sm"
              data-testid="card-modal-actions-move-button"
            >
              <svg
                fill="none"
                height="1em"
                stroke="currentColor"
                stroke-width="0"
                viewBox="0 0 24 24"
                width="1em"
                xmlns="http://www.w3.org/2000/svg"
              >
                <path
                  d="M14 5l7 7m0 0l-7 7m7-7H3"
                  stroke-linecap="round"
                  stroke-linejoin="round"
                  stroke-width="2"
                />
              </svg>
              <p>
                Move
              </p>
            </button>
          </div>
          <div
            class="flex-col flex"
          >
            <button
              class="flex gap-2 py-1 px-2 mb-2 bg-trello-gray-card-modal-buttons hover:bg-trello-gray-card-modal-buttons-hover text-trello-blue-card-modal-button-text items-center text-base shadow-sm rounded-sm"
              data-testid="card-modal-actions-delete-button"
            >
              <svg
                fill="currentColor"
                height="1em"
                stroke="currentColor"
                stroke-width="0"
                viewBox="0 0 1024 1024"
                width="1em"
                xmlns="http://www.w3.org/2000/svg"
              >
                <path
                  d="M360 184h-8c4.4 0 8-3.6 8-8v8h304v-8c0 4.4 3.6 8 8 8h-8v72h72v-80c0-35.3-28.7-64-64-64H352c-35.3 0-64 28.7-64 64v80h72v-72zm504 72H160c-17.7 0-32 14.3-32 32v32c0 4.4 3.6 8 8 8h60.4l24.7 523c1.6 34.1 29.8 61 63.9 61h454c34.2 0 62.3-26.8 63.9-61l24.7-523H888c4.4 0 8-3.6 8-8v-32c0-17.7-14.3-32-32-32zM731.3 840H292.7l-24.2-512h487l-24.2 512z"
                />
              </svg>
              <p>
                Delete
              </p>
            </button>
          </div>
          <div
            class="flex-col flex"
          >
            <button
              class="flex gap-2 py-1 px-2 mb-2 bg-trello-gray-card-modal-buttons hover:bg-trello-gray-card-modal-buttons-hover text-trello-blue-card-modal-button-text items-center text-base shadow-sm rounded-sm"
              data-testid="card-modal-actions-attachment-menu-button"
            >
              <svg
                fill="currentColor"
                height="1em"
                stroke="currentColor"
                stroke-width="0"
                viewBox="0 0 1024 1024"
                width="1em"
                xmlns="http://www.w3.org/2000/svg"
              >
                <path
                  d="M779.3 196.6c-94.2-94.2-247.6-94.2-341.7 0l-261 260.8c-1.7 1.7-2.6 4-2.6 6.4s.9 4.7 2.6 6.4l36.9 36.9a9 9 0 0 0 12.7 0l261-260.8c32.4-32.4 75.5-50.2 121.3-50.2s88.9 17.8 121.2 50.2c32.4 32.4 50.2 75.5 50.2 121.2 0 45.8-17.8 88.8-50.2 121.2l-266 265.9-43.1 43.1c-40.3 40.3-105.8 40.3-146.1 0-19.5-19.5-30.2-45.4-30.2-73s10.7-53.5 30.2-73l263.9-263.8c6.7-6.6 15.5-10.3 24.9-10.3h.1c9.4 0 18.1 3.7 24.7 10.3 6.7 6.7 10.3 15.5 10.3 24.9 0 9.3-3.7 18.1-10.3 24.7L372.4 653c-1.7 1.7-2.6 4-2.6 6.4s.9 4.7 2.6 6.4l36.9 36.9a9 9 0 0 0 12.7 0l215.6-215.6c19.9-19.9 30.8-46.3 30.8-74.4s-11-54.6-30.8-74.4c-41.1-41.1-107.9-41-149 0L463 364 224.8 602.1A172.22 172.22 0 0 0 174 724.8c0 46.3 18.1 89.8 50.8 122.5 33.9 33.8 78.3 50.7 122.7 50.7 44.4 0 88.8-16.9 122.6-50.7l309.2-309C824.8 492.7 850 432 850 367.5c.1-64.6-25.1-125.3-70.7-170.9z"
                />
              </svg>
              <p>
                Attachments
              </p>
            </button>
          </div>
        </div>
      </div>
    </div>
  </div>
</DocumentFragment>
`;
