// Jest Snapshot v1, https://goo.gl/fbAQLP

exports[`ListOptionsMenu should render successfully 1`] = `
<DocumentFragment>
  <div
    class="fixed flex flex-col w-72 min-h-40 text-gray-700 bg-white rounded-ibsm shadow-2xl py-2"
    style="top: 40px; left: 10px;"
  >
    <div
      class="relative text-center mb-2"
    >
      <span
        class="mx-auto py-1"
      >
        List Actions
      </span>
      <svg
        class="absolute right-0 top-0 z-20 cursor-pointer my-1 mr-3"
        data-testid="list-options-menu-close-icon"
        fill="currentColor"
        height="20"
        stroke="currentColor"
        stroke-width="0"
        viewBox="0 0 24 24"
        width="20"
        xmlns="http://www.w3.org/2000/svg"
      >
        <path
          d="M0 0h24v24H0z"
          fill="none"
        />
        <path
          d="M19 6.41L17.59 5 12 10.59 6.41 5 5 6.41 10.59 12 5 17.59 6.41 19 12 13.41 17.59 19 19 17.59 13.41 12z"
        />
      </svg>
    </div>
    <hr
      class="w-11/12 mx-auto"
    />
    <button
      class="w-full text-left px-3 py-2 cursor-pointer hover:bg-black hover:bg-opacity-10"
    >
      Copy list...
    </button>
    <button
      class="w-full text-left px-3 py-2 cursor-not-allowed opacity-50 hover:bg-black hover:bg-opacity-10"
    >
      Move
    </button>
    <button
      class="w-full text-left px-3 py-2 cursor-pointer hover:bg-black hover:bg-opacity-10"
    >
      Delete
    </button>
  </div>
</DocumentFragment>
`;
