// Jest Snapshot v1, https://goo.gl/fbAQLP

exports[`ImageSearchOptions should render successfully 1`] = `
<div
  className="flex flex-col"
>
  <input
    autoFocus={true}
    className="w-full text-left box-border text-sm outline-none border-2 border-trello-gray-200 shadow bg-trello-gray-400 hover:bg-trello-gray-400 rounded-md mb-2 p-2"
    placeholder="Search.."
    type="text"
  />
  <div
    className="w-full grid grid-cols-2 gap-1"
  >
    <div
      className="bg-black h-28 rounded-md "
    />
    <div
      className="bg-black h-28 rounded-md"
    />
    <div
      className="bg-black h-28 rounded-md"
    />
    <div
      className="bg-black h-28 rounded-md"
    />
  </div>
</div>
`;
