// Jest Snapshot v1, https://goo.gl/fbAQLP

exports[`ColourOptions should render successfully 1`] = `
<div
  className="grid grid-cols-6 gap-1"
>
  <div
    className="text-center bg-green-700 rounded-md p-1"
  >
    1
  </div>
  <div
    className="text-center bg-green-700 rounded-md p-1"
  >
    1
  </div>
  <div
    className="text-center bg-green-700 rounded-md p-1"
  >
    1
  </div>
  <div
    className="text-center bg-green-700 rounded-md p-1"
  >
    1
  </div>
  <div
    className="text-center bg-green-700 rounded-md p-1"
  >
    1
  </div>
  <div
    className="text-center bg-green-700 rounded-md p-1"
  >
    1
  </div>
  <div
    className="text-center bg-green-700 rounded-md p-1"
  >
    1
  </div>
  <div
    className="text-center bg-green-700 rounded-md p-1"
  >
    1
  </div>
  <div
    className="text-center bg-green-700 rounded-md p-1"
  >
    1
  </div>
  <div
    className="text-center bg-green-700 rounded-md p-1"
  >
    1
  </div>
  <div
    className="text-center bg-green-700 rounded-md p-1"
  >
    1
  </div>
  <div
    className="text-center bg-green-700 rounded-md p-1"
  >
    1
  </div>
  <div
    className="text-center bg-green-700 rounded-md p-1"
  >
    1
  </div>
  <div
    className="text-center bg-green-700 rounded-md p-1"
  >
    1
  </div>
  <div
    className="text-center bg-green-700 rounded-md p-1"
  >
    1
  </div>
  <div
    className="text-center bg-green-700 rounded-md p-1"
  >
    1
  </div>
  <div
    className="text-center bg-green-700 rounded-md p-1"
  >
    1
  </div>
  <div
    className="text-center bg-green-700 rounded-md p-1"
  >
    1
  </div>
  <div
    className="text-center bg-green-700 rounded-md p-1"
  >
    1
  </div>
  <div
    className="text-center bg-green-700 rounded-md p-1"
  >
    1
  </div>
  <div
    className="text-center bg-green-700 rounded-md p-1"
  >
    1
  </div>
  <div
    className="text-center bg-green-700 rounded-md p-1"
  >
    1
  </div>
  <div
    className="text-center bg-green-700 rounded-md p-1"
  >
    1
  </div>
  <div
    className="text-center bg-green-700 rounded-md p-1"
  >
    1
  </div>
  <div
    className="text-center bg-green-700 rounded-md p-1"
  >
    1
  </div>
  <div
    className="text-center bg-green-700 rounded-md p-1"
  >
    1
  </div>
  <div
    className="text-center bg-green-700 rounded-md p-1"
  >
    1
  </div>
  <div
    className="text-center bg-green-700 rounded-md p-1"
  >
    1
  </div>
  <div
    className="text-center bg-green-700 rounded-md p-1"
  >
    1
  </div>
  <div
    className="text-center bg-green-700 rounded-md p-1"
  >
    1
  </div>
  <div
    className="text-center bg-green-700 rounded-md p-1"
  >
    1
  </div>
  <div
    className="text-center bg-green-700 rounded-md p-1"
  >
    1
  </div>
  <div
    className="text-center bg-green-700 rounded-md p-1"
  >
    1
  </div>
  <div
    className="text-center bg-green-700 rounded-md p-1"
  >
    1
  </div>
</div>
`;
