// Jest Snapshot v1, https://goo.gl/fbAQLP

exports[`TagsMenu should render successfully 1`] = `
<DocumentFragment>
  <div
    class="fixed mt-10 w-72 text-gray-700 bg-white rounded-ibsm shadow-2xl p-4"
  >
    <div
      class="relative text-center mb-2"
    >
      <span
        class="text-sm block relative z-10"
      >
        Tags
      </span>
      <svg
        class="absolute right-0 top-0 z-20 cursor-pointer"
        data-testid="close-tags-menu-icon"
        fill="currentColor"
        height="20"
        stroke="currentColor"
        stroke-width="0"
        viewBox="0 0 24 24"
        width="20"
        xmlns="http://www.w3.org/2000/svg"
      >
        <path
          d="M0 0h24v24H0z"
          fill="none"
        />
        <path
          d="M19 6.41L17.59 5 12 10.59 6.41 5 5 6.41 10.59 12 5 17.59 6.41 19 12 13.41 17.59 19 19 17.59 13.41 12z"
        />
      </svg>
    </div>
    <hr />
    <div
      class="flex flex-col mt-2 text-sm"
    >
      <input
        class="w-full h-9 py-1 px-2 border-1 mb-2 border-gray-200 rounded-sm focus:outline-none focus:ring-2 focus:ring-trello-blue-100"
        data-testid="tag-search"
        placeholder="Search tags..."
        type="text"
      />
      <span
        class="text-gray-600 my-2 font-semibold"
      >
        Tags
      </span>
      <div
        class="flex flex-col w-full gap-1 font-bold"
      >
        <div
          class="flex h-8"
        >
          <div
            class="items-center flex text-white w-full rounded-ibsm cursor-pointer"
            data-testid="tag-option-inner-container"
            style="background: rgb(0, 0, 0);"
          >
            <span
              class="ml-2"
              data-testid="tag-option-name"
            >
              Selected Tag
            </span>
            <svg
              class="ml-auto mr-2"
              data-testid="tag-selected-icon"
              fill="currentColor"
              height="20"
              stroke="currentColor"
              stroke-width="0"
              viewBox="0 0 24 24"
              width="20"
              xmlns="http://www.w3.org/2000/svg"
            >
              <path
                d="M0 0h24v24H0z"
                fill="none"
              />
              <path
                d="M9 16.17L4.83 12l-1.42 1.41L9 19 21 7l-1.41-1.41z"
              />
            </svg>
          </div>
          <svg
            class="self-center ml-2 cursor-pointer"
            data-testid="edit-icon"
            fill="currentColor"
            height="20"
            stroke="currentColor"
            stroke-width="0"
            viewBox="0 0 24 24"
            width="20"
            xmlns="http://www.w3.org/2000/svg"
          >
            <path
              d="M0 0h24v24H0V0z"
              fill="none"
            />
            <path
              d="M14.06 9.02l.92.92L5.92 19H5v-.92l9.06-9.06M17.66 3c-.25 0-.51.1-.7.29l-1.83 1.83 3.75 3.75 1.83-1.83a.996.996 0 000-1.41l-2.34-2.34c-.2-.2-.45-.29-.71-.29zm-3.6 3.19L3 17.25V21h3.75L17.81 9.94l-3.75-3.75z"
            />
          </svg>
        </div>
        <div
          class="flex h-8"
        >
          <div
            class="items-center flex text-white w-full rounded-ibsm cursor-pointer"
            data-testid="tag-option-inner-container"
            style="background: rgb(0, 0, 0);"
          >
            <span
              class="ml-2"
              data-testid="tag-option-name"
            >
              Unique Title
            </span>
          </div>
          <svg
            class="self-center ml-2 cursor-pointer"
            data-testid="edit-icon"
            fill="currentColor"
            height="20"
            stroke="currentColor"
            stroke-width="0"
            viewBox="0 0 24 24"
            width="20"
            xmlns="http://www.w3.org/2000/svg"
          >
            <path
              d="M0 0h24v24H0V0z"
              fill="none"
            />
            <path
              d="M14.06 9.02l.92.92L5.92 19H5v-.92l9.06-9.06M17.66 3c-.25 0-.51.1-.7.29l-1.83 1.83 3.75 3.75 1.83-1.83a.996.996 0 000-1.41l-2.34-2.34c-.2-.2-.45-.29-.71-.29zm-3.6 3.19L3 17.25V21h3.75L17.81 9.94l-3.75-3.75z"
            />
          </svg>
        </div>
        <div
          class="flex h-8"
        >
          <div
            class="items-center flex text-white w-full rounded-ibsm cursor-pointer"
            data-testid="tag-option-inner-container"
            style="background: rgb(0, 0, 0);"
          >
            <span
              class="ml-2"
              data-testid="tag-option-name"
            >
              Similarly Named Tag 1
            </span>
          </div>
          <svg
            class="self-center ml-2 cursor-pointer"
            data-testid="edit-icon"
            fill="currentColor"
            height="20"
            stroke="currentColor"
            stroke-width="0"
            viewBox="0 0 24 24"
            width="20"
            xmlns="http://www.w3.org/2000/svg"
          >
            <path
              d="M0 0h24v24H0V0z"
              fill="none"
            />
            <path
              d="M14.06 9.02l.92.92L5.92 19H5v-.92l9.06-9.06M17.66 3c-.25 0-.51.1-.7.29l-1.83 1.83 3.75 3.75 1.83-1.83a.996.996 0 000-1.41l-2.34-2.34c-.2-.2-.45-.29-.71-.29zm-3.6 3.19L3 17.25V21h3.75L17.81 9.94l-3.75-3.75z"
            />
          </svg>
        </div>
        <div
          class="flex h-8"
        >
          <div
            class="items-center flex text-white w-full rounded-ibsm cursor-pointer"
            data-testid="tag-option-inner-container"
            style="background: rgb(0, 0, 0);"
          >
            <span
              class="ml-2"
              data-testid="tag-option-name"
            >
              Similarly Named Tag 2
            </span>
          </div>
          <svg
            class="self-center ml-2 cursor-pointer"
            data-testid="edit-icon"
            fill="currentColor"
            height="20"
            stroke="currentColor"
            stroke-width="0"
            viewBox="0 0 24 24"
            width="20"
            xmlns="http://www.w3.org/2000/svg"
          >
            <path
              d="M0 0h24v24H0V0z"
              fill="none"
            />
            <path
              d="M14.06 9.02l.92.92L5.92 19H5v-.92l9.06-9.06M17.66 3c-.25 0-.51.1-.7.29l-1.83 1.83 3.75 3.75 1.83-1.83a.996.996 0 000-1.41l-2.34-2.34c-.2-.2-.45-.29-.71-.29zm-3.6 3.19L3 17.25V21h3.75L17.81 9.94l-3.75-3.75z"
            />
          </svg>
        </div>
      </div>
      <button
        class="p-2 mt-3 bg-trello-blue-100 hover:bg-trello-blue-200 text-white font-semibold items-center text-sm shadow-sm rounded-sm"
      >
        Create a new tag
      </button>
    </div>
  </div>
</DocumentFragment>
`;
