// Jest Snapshot v1, https://goo.gl/fbAQLP

exports[`ExportModal should render successfully 1`] = `
<DocumentFragment>
  <div
    class="z-50 min-h-full min-w-full flex fixed top-0 left-0 justify-center items-center bg-black bg-opacity-30"
    id="cardModal"
  >
    <div
      class="relative px-4 w-full max-w-sm h-full md:h-auto mb-36"
    >
      <div
        class="relative bg-trello-gray-100 rounded-lg shadow dark:bg-gray-700"
      >
        <div
          class="flex p-6"
        >
          <div>
            <select
              class="form-select p-6 appearance-none w-md px-3 py-1.5 text-base font-normal text-gray-700 bg-clip-padding bg-no-repeat border border-solid border-gray-300 rounded transition ease-in-out m-0 focus:text-gray-700 focus:bg-white focus:border-blue-600 focus:outline-none"
            >
              <option
                disabled=""
                value=""
              >
                Select List...
              </option>
              <option
                value="1"
              >
                Test 1
              </option>
              <option
                value="2"
              >
                Test 2
              </option>
              <option
                value="3"
              >
                Test 3
              </option>
              <option
                value="4"
              >
                Test 4
              </option>
              <option
                value="5"
              >
                Test 5
              </option>
            </select>
          </div>
        </div>
        <div
          class="flex items-center px-6 pb-6"
        >
          <button
            class="text-white bg-trello-green-100 hover:bg-trello-green-200 text-base rounded-lg px-5 py-2.5 text-center dark:bg-blue-600 dark:hover:bg-blue-700 dark:focus:ring-blue-800"
            type="button"
          >
            Export
          </button>
          <button
            class="text-gray-600 bg-gray-300 text-base rounded-lg ml-2 px-5 py-2.5 text-center dark:bg-blue-600 dark:hover:bg-blue-700 dark:focus:ring-blue-800"
            type="button"
          >
            Cancel
          </button>
        </div>
      </div>
    </div>
  </div>
</DocumentFragment>
`;
