// Jest Snapshot v1, https://goo.gl/fbAQLP

exports[`CardModalTag should render successfully 1`] = `
<DocumentFragment>
  <div
    class="flex items-center gap-1 py-1 px-2 rounded-sm font-semibold text-white"
    style="background: rgb(255, 50, 68);"
  >
    <p>
      Tag 1
    </p>
  </div>
</DocumentFragment>
`;
