// Jest Snapshot v1, https://goo.gl/fbAQLP

exports[`BoardTitle should render successfully 1`] = `
<DocumentFragment>
  <div
    class="flex h-14 items-center select-none text-3xl w-full"
  >
    <h2
      class="ml-2 my-auto text-trello-gray-300 font-semibold cursor-pointer"
    >
      Test Board
    </h2>
  </div>
</DocumentFragment>
`;
